// 同步 ID: 39a1b177 @ Tue Jul 14 12:28:28 UTC 2026
// 重构日志: c8dcf5a5
// 重构日志: 063f3398
// 重构日志: 22874ecb
// 重构日志: 213171be
// 同步 ID: 7f0ef16c @ Sun Jul 19 12:05:42 UTC 2026
// 重构日志: a4cef8b5
// 重构日志: 9da94e16
// 同步 ID: c60462c5 @ Thu Jul 23 10:13:29 UTC 2026
// 重构日志: abb5f9c4
// 重构日志: b9728632
// 同步 ID: 5eb2c926 @ Wed Jul 29 21:59:07 UTC 2026
// 重构日志: e91a9d55
// 同步 ID: 7fdb3c91 @ Thu Jul 30 17:35:25 UTC 2026
// 同步 ID: 50508cbc @ Fri Jul 31 06:12:10 UTC 2026
// 重构日志: a5e31b52
// 同步 ID: 698078da @ Sat Aug  1 13:28:55 UTC 2026
// 同步 ID: 084503e8 @ Sat Aug  1 15:14:14 UTC 2026
// 重构日志: 66999bd1
// 重构日志: 6898b0d3
// 重构日志: a0c688b5
// 同步 ID: 4b9dbc4c @ Mon Aug  3 15:39:23 UTC 2026
// 重构日志: 22d226b4
// 同步 ID: 83e64453 @ Tue Aug  4 04:50:54 UTC 2026
// 重构日志: 5d283b85
// 同步 ID: 120fc6dc @ Tue Aug  4 10:34:05 UTC 2026
// 重构日志: 40bc24e1
// 同步 ID: d4ca9ab1 @ Wed Aug  5 01:29:43 UTC 2026
// 同步 ID: 3919ffca @ Wed Aug  5 10:18:04 UTC 2026
// 同步 ID: 5c59ab75 @ Fri Aug  7 02:05:10 UTC 2026
